C51 COMPILER V9.01   I2C_DRIVER                                                            07/11/2020 18:13:30 PAGE 1   


C51 COMPILER V9.01, COMPILATION OF MODULE I2C_DRIVER
OBJECT MODULE PLACED IN I2C_Driver.OBJ
COMPILER INVOKED BY: C:\Keil_v4\C51\BIN\C51.EXE I2C_Driver.c BROWSE DEBUG OBJECTEXTEND

line level    source

   1          /*I2C_DRIVER.c*/
   2          #include "header.h"
   3          #include<intrins.h>
   4          sbit SDA=P1^6;  //p2.0 pin for SDA line
   5          sbit SCL=P1^7;  //p2.1 pin for SCL line
   6          
   7          /*--I2C START CONDITION--*/
   8           void i2c_start()
   9           {
  10   1               SCL=1;         //ideal condition
  11   1               SDA=1;         //ideal condition
  12   1               SDA=0;         //start condition
  13   1       }
  14           
  15           /*--I2C STOP CONDITION--*/
  16           void i2c_stop()
  17           {
  18   1               SCL=0;
  19   1               SDA=0;
  20   1               SCL=1;         //ideal condition
  21   1               SDA=1;         //ideal condition
  22   1       }
  23           
  24           /*--I2C WRITE CONDITION--*/
  25           void  i2c_write(u8 info)
  26           {
  27   1               s8 i;
  28   1               for(i=7;i>=0;i--)
  29   1               {
  30   2                       SCL=0;
  31   2                       SDA=(info &(1<<i))? 1 : 0;
  32   2                       SCL=1;
  33   2               }
  34   1       }
  35           
  36           /*--I2C READ CONDITION--*/
  37           u8 i2c_read()
  38           {
  39   1               u8 temp=0x0;
  40   1               s8 i;
  41   1               for(i=7;i>=0;i--)
  42   1               {
  43   2                       SCL=1;                         //slave write
  44   2                       if(SDA==1)             //when SDA line is 1 than only data is present
  45   2                               temp|=(1<<i);
  46   2                       SCL=0;                         //make zero after reading 1 bit
  47   2               }
  48   1               return temp;
  49   1       }
  50           
  51           /*--I2C ACKNOWLEDGEMENT--*/
  52           bit i2c_Ack()
  53           {
  54   1              SCL=0;                     //8th clk pulse is zero 
  55   1              SDA=1;            //data available in SDA line
C51 COMPILER V9.01   I2C_DRIVER                                                            07/11/2020 18:13:30 PAGE 2   

  56   1              SCL=1;          //9th clock pulse
  57   1              _nop_();
  58   1              if(SDA==0)
  59   1              {
  60   2                      SCL=0;                          //to write next bit make zero
  61   2                      return 0;
  62   2              }
  63   1              else
  64   1              {
  65   2                      SCL=0;                     //to write next bit make zero
  66   2                      return 1;
  67   2              }
  68   1       }
  69           /*--I2C NOACK--*/
  70           void i2c_NoAck()
  71           {
  72   1               SCL=0;
  73   1               SDA=1;
  74   1               SCL=1;
  75   1       }
  76          


MODULE INFORMATION:   STATIC OVERLAYABLE
   CODE SIZE        =    122    ----
   CONSTANT SIZE    =   ----    ----
   XDATA SIZE       =   ----    ----
   PDATA SIZE       =   ----    ----
   DATA SIZE        =   ----    ----
   IDATA SIZE       =   ----    ----
   BIT SIZE         =   ----    ----
END OF MODULE INFORMATION.


C51 COMPILATION COMPLETE.  0 WARNING(S),  0 ERROR(S)
